// Jest Snapshot v1, https://goo.gl/fbAQLP

exports[`HeaderConatiner component should render properly 1`] = `
Array [
  <div
    className="header"
  >
    <div
      className="container headerImageWrapper"
    >
      <img
        alt="logo"
        className="headerImage"
        src="./assets/droppe-logo.png"
      />
    </div>
  </div>,
  <span
    className="container main innerFragment"
  >
    <img
      alt="image1"
      className="showImg"
      src="./assets/img1.png"
    />
    <img
      alt="image2"
      className="showImg"
      src="./assets/img2.png"
    />
  </span>,
]
`;
